// Vitest Snapshot v1

exports[`[SettingsBundle]<Snapshots>(Settings) > renders correctly component 1`] = `
<div
  class="UIModal move-window Settings"
  data-v-99a75817=""
>
  <div
    class="container"
    data-v-99a75817=""
    style="width: 335px; height: 415px;"
  >
    <div
      class="header"
      data-v-99a75817=""
      style="cursor: default;"
    >
      <h3
        class="title"
        data-v-99a75817=""
      >
        Settings
      </h3>
      <button
        class="UIButton size-small button-close"
        data-v-99a75817=""
        data-v-cf1bb3a9=""
        type="button"
      >
        
        <img
          alt="Close window"
          class="button-close-icon"
          data-v-99a75817=""
          height="7"
          src="/icons/close-modal.svg"
          width="8"
        />
        
        
        
        
        
      </button>
    </div>
    
    <div
      class="UITabs"
      data-v-39833990=""
    >
      <div
        class="tabs"
        data-v-39833990=""
      >
        
        <button
          class="tab active"
          data-v-39833990=""
          type="button"
        >
          General
        </button>
        <button
          class="tab"
          data-v-39833990=""
          type="button"
        >
          Date & Time
        </button>
        <button
          class="tab"
          data-v-39833990=""
          type="button"
        >
          Languages
        </button>
        
      </div>
      <div
        class="content"
        data-v-39833990=""
      >
        
        <div
          class="SettingsGeneral content-tab active"
          data-v-39833990=""
          data-v-40e21cf7=""
        >
          <img
            class="image"
            data-v-40e21cf7=""
            src="/icons/windows-settings.svg"
          />
          <h3
            class="title"
            data-v-40e21cf7=""
          >
            Device:
          </h3>
          <p
            class="text"
            data-v-40e21cf7=""
          >
            Desktop
          </p>
          <h3
            class="title"
            data-v-40e21cf7=""
          >
            Operation system:
          </h3>
          <p
            class="text"
            data-v-40e21cf7=""
          >
            undefined
          </p>
          <h3
            class="title"
            data-v-40e21cf7=""
          >
            Browser:
          </h3>
          <p
            class="text"
            data-v-40e21cf7=""
          >
            undefined
          </p>
        </div>
        <div
          class="SettingsDateTime content-tab"
          data-v-39833990=""
          data-v-b9c2b439=""
        >
          <select
            class="UISelect variant-undefined DateMonthSwitcher"
            data-v-4c307dbf=""
            data-v-b9c2b439=""
            data-v-d3c68ad1=""
            id="date-months"
            name="date-months"
          >
            
            <option
              class="option"
              data-v-d3c68ad1=""
              value="jan"
            >
              January
            </option>
            <option
              class="option"
              data-v-d3c68ad1=""
              value="feb"
            >
              February
            </option>
            <option
              class="option"
              data-v-d3c68ad1=""
              value="mar"
            >
              March
            </option>
            <option
              class="option"
              data-v-d3c68ad1=""
              value="apr"
            >
              April
            </option>
            <option
              class="option"
              data-v-d3c68ad1=""
              value="may"
            >
              May
            </option>
            <option
              class="option"
              data-v-d3c68ad1=""
              value="jun"
            >
              June
            </option>
            <option
              class="option"
              data-v-d3c68ad1=""
              value="jul"
            >
              July
            </option>
            <option
              class="option"
              data-v-d3c68ad1=""
              value="aug"
            >
              August
            </option>
            <option
              class="option"
              data-v-d3c68ad1=""
              value="sep"
            >
              September
            </option>
            <option
              class="option"
              data-v-d3c68ad1=""
              value="oct"
            >
              October
            </option>
            <option
              class="option"
              data-v-d3c68ad1=""
              value="nov"
            >
              November
            </option>
            <option
              class="option"
              data-v-d3c68ad1=""
              value="dec"
            >
              December
            </option>
            
          </select>
          <div
            class="UIInput DateYearSwitcher"
            data-v-04f77c22=""
            data-v-b9c2b439=""
            data-v-e394574e=""
          >
            <!--v-if-->
            <input
              class="input"
              data-v-e394574e=""
              id="year-switcher"
              max="2050"
              min="1950"
              type="number"
            />
          </div>
          <div
            class="DateCalendar"
            data-v-4e49242e=""
            data-v-b9c2b439=""
          >
            <div
              class="heading"
              data-v-4e49242e=""
            >
              
              <div
                class="heading-item"
                data-v-4e49242e=""
              >
                M
              </div>
              <div
                class="heading-item"
                data-v-4e49242e=""
              >
                T
              </div>
              <div
                class="heading-item"
                data-v-4e49242e=""
              >
                W
              </div>
              <div
                class="heading-item"
                data-v-4e49242e=""
              >
                T
              </div>
              <div
                class="heading-item"
                data-v-4e49242e=""
              >
                F
              </div>
              <div
                class="heading-item"
                data-v-4e49242e=""
              >
                S
              </div>
              <div
                class="heading-item"
                data-v-4e49242e=""
              >
                S
              </div>
              
            </div>
            <div
              class="content"
              data-v-4e49242e=""
            >
              
              <button
                class="content-item"
                data-v-4e49242e=""
                type="button"
              >
                1
              </button>
              <button
                class="content-item"
                data-v-4e49242e=""
                type="button"
              >
                2
              </button>
              <button
                class="content-item"
                data-v-4e49242e=""
                type="button"
              >
                3
              </button>
              <button
                class="content-item"
                data-v-4e49242e=""
                type="button"
              >
                4
              </button>
              <button
                class="content-item"
                data-v-4e49242e=""
                type="button"
              >
                5
              </button>
              <button
                class="content-item"
                data-v-4e49242e=""
                type="button"
              >
                6
              </button>
              <button
                class="content-item"
                data-v-4e49242e=""
                type="button"
              >
                7
              </button>
              <button
                class="content-item"
                data-v-4e49242e=""
                type="button"
              >
                8
              </button>
              <button
                class="content-item"
                data-v-4e49242e=""
                type="button"
              >
                9
              </button>
              <button
                class="content-item"
                data-v-4e49242e=""
                type="button"
              >
                10
              </button>
              <button
                class="content-item"
                data-v-4e49242e=""
                type="button"
              >
                11
              </button>
              <button
                class="content-item"
                data-v-4e49242e=""
                type="button"
              >
                12
              </button>
              <button
                class="content-item"
                data-v-4e49242e=""
                type="button"
              >
                13
              </button>
              <button
                class="content-item"
                data-v-4e49242e=""
                type="button"
              >
                14
              </button>
              <button
                class="content-item"
                data-v-4e49242e=""
                type="button"
              >
                15
              </button>
              <button
                class="content-item"
                data-v-4e49242e=""
                type="button"
              >
                16
              </button>
              <button
                class="content-item"
                data-v-4e49242e=""
                type="button"
              >
                17
              </button>
              <button
                class="content-item"
                data-v-4e49242e=""
                type="button"
              >
                18
              </button>
              <button
                class="content-item"
                data-v-4e49242e=""
                type="button"
              >
                19
              </button>
              <button
                class="content-item"
                data-v-4e49242e=""
                type="button"
              >
                20
              </button>
              <button
                class="content-item"
                data-v-4e49242e=""
                type="button"
              >
                21
              </button>
              <button
                class="content-item"
                data-v-4e49242e=""
                type="button"
              >
                22
              </button>
              <button
                class="content-item"
                data-v-4e49242e=""
                type="button"
              >
                23
              </button>
              <button
                class="content-item"
                data-v-4e49242e=""
                type="button"
              >
                24
              </button>
              <button
                class="content-item"
                data-v-4e49242e=""
                type="button"
              >
                25
              </button>
              <button
                class="content-item"
                data-v-4e49242e=""
                type="button"
              >
                26
              </button>
              <button
                class="content-item"
                data-v-4e49242e=""
                type="button"
              >
                27
              </button>
              <button
                class="content-item"
                data-v-4e49242e=""
                type="button"
              >
                28
              </button>
              <button
                class="content-item"
                data-v-4e49242e=""
                type="button"
              >
                29
              </button>
              <button
                class="content-item"
                data-v-4e49242e=""
                type="button"
              >
                30
              </button>
              
            </div>
          </div>
        </div>
        <div
          class="SettingsLanguages content-tab"
          data-v-39833990=""
        >
          <select
            class="UISelect variant-undefined LanguageSwitcher"
            data-v-56cc1592=""
            data-v-d3c68ad1=""
            id="languages"
            name="languages"
          >
            
            <option
              class="option"
              data-v-d3c68ad1=""
              value="en"
            >
              English
            </option>
            <option
              class="option"
              data-v-d3c68ad1=""
              value="pl"
            >
              Polish
            </option>
            
          </select>
          <select
            class="UISelect variant-undefined ThemeSwitcher"
            data-v-6a01b610=""
            data-v-d3c68ad1=""
            id="themes"
            name="themes"
          >
            
            <option
              class="option"
              data-v-d3c68ad1=""
              value="light"
            >
              Light
            </option>
            <option
              class="option"
              data-v-d3c68ad1=""
              value="dark"
            >
              Dark
            </option>
            
          </select>
        </div>
        
      </div>
    </div>
    
  </div>
</div>
`;
