// Vitest Snapshot v1

exports[`[UIBundle]<Snapshots>(UIRadio) > renders correctly component: variant primary, disabled false and checked false 1`] = `
<label
  class="UIRadio variant-primary"
  data-v-ccc35d9d=""
>
  <input
    class="input"
    data-v-ccc35d9d=""
    name="available-radio"
    type="radio"
  />
  <span
    class="radio"
    data-v-ccc35d9d=""
  />
  <p
    class="text"
    data-v-ccc35d9d=""
  >
    
    Check Me!
    
  </p>
</label>
`;

exports[`[UIBundle]<Snapshots>(UIRadio) > renders correctly component: variant primary, disabled true and checked true 1`] = `
<label
  class="UIRadio variant-primary"
  data-v-ccc35d9d=""
>
  <input
    class="input"
    data-v-ccc35d9d=""
    disabled=""
    name="unavailable-radio"
    type="radio"
  />
  <span
    class="radio"
    data-v-ccc35d9d=""
  />
  <!--v-if-->
</label>
`;
